Index  Name                 UUID                                      Mem(used/total)  Temp  Power(draw/limit)  Util(gpu/mem)  Enc/Dec  PCIe    PState
0      NVIDIA RTX 6000 Ada  GPU-aaaaaaaa-bbbb-cccc-dddd-eeeeeeee0000  2048/24576 MiB   63°C  215.5/300.0 W      72/41%         0/0%     gen0x0  P0
1      NVIDIA L4            GPU-aaaaaaaa-bbbb-cccc-dddd-eeeeeeee0001  1024/24576 MiB   51°C  72.0/72.0 W        15/8%          0/0%     gen0x0  P8
